<area shape="rect" href="$starter_8h.html" title="starter.h" alt="" coords="1204,453,1271,480">
<area shape="rect" href="$affine__image__generator_8h.html" title="affine_image_generator.h" alt="" coords="1889,80,2055,107">
<area shape="rect" href="$general_8h.html" title="general/general.h" alt="" coords="268,528,388,555">
<area shape="rect" href="$linear__algebra_8h.html" title="math/linear_algebra.h" alt="" coords="412,528,556,555">
<area shape="rect" href="$linear__systems_8h.html" title="math/linear_systems.h" alt="" coords="580,528,732,555">
<area shape="rect" href="$mcvm_8h.html" title="math/mcvm.h" alt="" coords="948,528,1049,555">
<area shape="rect" href="$robust__estimators_8h.html" title="math/robust_estimators.h" alt="" coords="756,528,924,555">
<area shape="rect" href="$affinity_8h.html" title="geometry/affinity.h" alt="" coords="1257,528,1385,555">
<area shape="rect" href="$homography_8h.html" title="geometry/homography.h" alt="" coords="1073,528,1233,555">
<area shape="rect" href="$projection__matrix_8h.html" title="geometry/projection_matrix.h" alt="" coords="1409,528,1599,555">
<area shape="rect" href="$mcv_8h.html" title="image/mcv.h" alt="" coords="1623,528,1719,555">
<area shape="rect" href="$pyrimage_8h.html" title="image/pyrimage.h" alt="" coords="1743,528,1865,555">
<area shape="rect" href="$ls__minimizer2_8h.html" title="optimization/ls_minimizer2.h" alt="" coords="2041,528,2228,555">
<area shape="rect" href="$ls__step__solver_8h.html" title="ls_step_solver.h" alt="" coords="2135,603,2249,629">
<area shape="rect" href="$object__view_8h.html" title="viewsets/object_view.h" alt="" coords="1895,304,2049,331">
<area shape="rect" href="$keypoint__orientation__corrector_8h.html" title="keypoints/keypoint_orientation_corrector.h" alt="" coords="2048,229,2312,256">
<area shape="rect" href="$example__generator_8h.html" title="example_generator.h" alt="" coords="2316,155,2457,181">
<area shape="rect" href="$keypoint_8h.html" title="keypoints/keypoint.h" alt="" coords="1861,453,2003,480">
<area shape="rect" href="$yape_8h.html" title="keypoints/yape.h" alt="" coords="1912,379,2032,405">
<area shape="rect" href="$image__object__point__match_8h.html" title="viewsets/image_object_point_match.h" alt="" coords="2056,379,2299,405">
<area shape="rect" href="$object__keypoint_8h.html" title="object_keypoint.h" alt="" coords="2176,453,2299,480">
<area shape="rect" href="$image__class__example_8h.html" title="image_class_example.h" alt="" coords="2424,229,2584,256">
