<area shape="rect" href="$starter_8h.html" title="starter.h" alt="" coords="1247,379,1313,405">
<area shape="rect" href="$object__view_8h.html" title="viewsets/object_view.h" alt="" coords="2131,229,2285,256">
<area shape="rect" href="$keypoint__orientation__corrector_8h.html" title="keypoints/keypoint_orientation_corrector.h" alt="" coords="1576,155,1840,181">
<area shape="rect" href="$example__generator_8h.html" title="example_generator.h" alt="" coords="1807,80,1948,107">
<area shape="rect" href="$general_8h.html" title="general/general.h" alt="" coords="704,453,824,480">
<area shape="rect" href="$linear__algebra_8h.html" title="math/linear_algebra.h" alt="" coords="848,453,992,480">
<area shape="rect" href="$linear__systems_8h.html" title="math/linear_systems.h" alt="" coords="336,453,488,480">
<area shape="rect" href="$mcvm_8h.html" title="math/mcvm.h" alt="" coords="1229,453,1331,480">
<area shape="rect" href="$robust__estimators_8h.html" title="math/robust_estimators.h" alt="" coords="512,453,680,480">
<area shape="rect" href="$affinity_8h.html" title="geometry/affinity.h" alt="" coords="1539,453,1667,480">
<area shape="rect" href="$homography_8h.html" title="geometry/homography.h" alt="" coords="1355,453,1515,480">
<area shape="rect" href="$projection__matrix_8h.html" title="geometry/projection_matrix.h" alt="" coords="1016,453,1205,480">
<area shape="rect" href="$mcv_8h.html" title="image/mcv.h" alt="" coords="1691,453,1787,480">
<area shape="rect" href="$pyrimage_8h.html" title="image/pyrimage.h" alt="" coords="1811,453,1933,480">
<area shape="rect" href="$ls__minimizer2_8h.html" title="optimization/ls_minimizer2.h" alt="" coords="24,453,211,480">
<area shape="rect" href="$ls__step__solver_8h.html" title="ls_step_solver.h" alt="" coords="32,528,147,555">
<area shape="rect" href="$keypoint_8h.html" title="keypoints/keypoint.h" alt="" coords="2109,379,2251,405">
<area shape="rect" href="$yape_8h.html" title="keypoints/yape.h" alt="" coords="1915,304,2035,331">
<area shape="rect" href="$image__object__point__match_8h.html" title="viewsets/image_object_point_match.h" alt="" coords="2216,304,2459,331">
<area shape="rect" href="$object__keypoint_8h.html" title="object_keypoint.h" alt="" coords="2276,379,2399,405">
<area shape="rect" href="$image__class__example_8h.html" title="image_class_example.h" alt="" coords="2011,155,2171,181">
