<area shape="rect" href="$artvertiser_2multigrab_8h.html" title="multigrab.h" alt="" coords="1757,80,1843,107">
<area shape="rect" href="$artvertiser_2calibmodel_8h.html" title="calibmodel.h" alt="" coords="1753,155,1847,181">
<area shape="rect" href="$garfeild_8h.html" title="garfeild.h" alt="" coords="1763,229,1837,256">
<area shape="rect" href="$keypoint_8h.html" title="keypoints/keypoint.h" alt="" coords="2453,901,2595,928">
<area shape="rect" href="$keypoint__match_8h.html" title="keypoints/keypoint_match.h" alt="" coords="2476,379,2660,405">
<area shape="rect" href="$keypoint__orientation__corrector_8h.html" title="keypoints/keypoint_orientation_corrector.h" alt="" coords="2735,603,2999,629">
<area shape="rect" href="$yape_8h.html" title="keypoints/yape.h" alt="" coords="1917,827,2037,853">
<area shape="rect" href="$affine__image__generator_8h.html" title="viewsets/affine_image_generator.h" alt="" coords="1837,528,2056,555">
<area shape="rect" href="$object__view_8h.html" title="viewsets/object_view.h" alt="" coords="2015,752,2169,779">
<area shape="rect" href="$image__object__point__match_8h.html" title="viewsets/image_object_point_match.h" alt="" coords="2244,827,2487,853">
<area shape="rect" href="$object__keypoint_8h.html" title="object_keypoint.h" alt="" coords="2631,901,2753,928">
<area shape="rect" href="$example__generator_8h.html" title="example_generator.h" alt="" coords="1519,603,1660,629">
<area shape="rect" href="$image__classification__forest_8h.html" title="viewsets/image_classification_forest.h" alt="" coords="1441,379,1687,405">
<area shape="rect" href="$image__classifier_8h.html" title="image_classifier.h" alt="" coords="1391,528,1516,555">
<area shape="rect" href="$image__classification__tree_8h.html" title="image_classification_tree.h" alt="" coords="1019,453,1197,480">
<area shape="rect" href="$image__classification__node_8h.html" title="image_classification_node.h" alt="" coords="711,603,895,629">
<area shape="rect" href="$planar__object__recognizer_8h.html" title="viewsets/planar_object_recognizer.h" alt="" coords="1920,304,2149,331">
<area shape="rect" href="$CamCalibration_8h.html" title="calib/CamCalibration.h" alt="" coords="1075,901,1227,928">
<area shape="rect" href="$CamAugmentation_8h.html" title="calib/CamAugmentation.h" alt="" coords="1145,304,1316,331">
<area shape="rect" href="$lightcalib_8h.html" title="lightcalib/lightcalib.h" alt="" coords="3005,827,3144,853">
<area shape="rect" href="$starter_8h.html" title="starter.h" alt="" coords="1767,901,1833,928">
<area shape="rect" href="$general_8h.html" title="general/general.h" alt="" coords="1875,976,1995,1003">
<area shape="rect" href="$linear__algebra_8h.html" title="math/linear_algebra.h" alt="" coords="1133,976,1277,1003">
<area shape="rect" href="$linear__systems_8h.html" title="math/linear_systems.h" alt="" coords="2221,976,2373,1003">
<area shape="rect" href="$mcvm_8h.html" title="math/mcvm.h" alt="" coords="1749,976,1851,1003">
<area shape="rect" href="$robust__estimators_8h.html" title="math/robust_estimators.h" alt="" coords="891,976,1059,1003">
<area shape="rect" href="$affinity_8h.html" title="geometry/affinity.h" alt="" coords="2019,976,2147,1003">
<area shape="rect" href="$homography_8h.html" title="geometry/homography.h" alt="" coords="1352,976,1512,1003">
<area shape="rect" href="$projection__matrix_8h.html" title="geometry/projection_matrix.h" alt="" coords="1536,976,1725,1003">
<area shape="rect" href="$mcv_8h.html" title="image/mcv.h" alt="" coords="2544,976,2640,1003">
<area shape="rect" href="$pyrimage_8h.html" title="image/pyrimage.h" alt="" coords="2397,976,2520,1003">
<area shape="rect" href="$ls__minimizer2_8h.html" title="optimization/ls_minimizer2.h" alt="" coords="528,976,715,1003">
<area shape="rect" href="$image__class__example_8h.html" title="image_class_example.h" alt="" coords="1391,677,1551,704">
<area shape="rect" href="$lightcollector_8h.html" title="lightcollector.h" alt="" coords="3165,976,3269,1003">
<area shape="rect" href="$lightmap_8h.html" title="lightmap.h" alt="" coords="3035,901,3115,928">
<area shape="rect" href="$growmat_8h.html" title="math/growmat.h" alt="" coords="3027,976,3141,1003">
<area shape="rect" href="$ipltexture_8h.html" title="ipltexture.h" alt="" coords="2917,976,3003,1003">
