<area shape="rect" href="$artvertiser_2multigrab_8h.html" title="multigrab.h" alt="" coords="3112,80,3197,107">
<area shape="rect" href="$artvertiser_2calibmodel_8h.html" title="calibmodel.h" alt="" coords="3108,155,3201,181">
<area shape="rect" href="$garfeild_8h.html" title="garfeild.h" alt="" coords="1797,229,1872,256">
<area shape="rect" href="$keypoint_8h.html" title="keypoints/keypoint.h" alt="" coords="2297,901,2439,928">
<area shape="rect" href="$keypoint__match_8h.html" title="keypoints/keypoint_match.h" alt="" coords="2252,379,2436,405">
<area shape="rect" href="$keypoint__orientation__corrector_8h.html" title="keypoints/keypoint_orientation_corrector.h" alt="" coords="2612,603,2876,629">
<area shape="rect" href="$yape_8h.html" title="keypoints/yape.h" alt="" coords="1761,827,1881,853">
<area shape="rect" href="$affine__image__generator_8h.html" title="viewsets/affine_image_generator.h" alt="" coords="1620,528,1839,555">
<area shape="rect" href="$object__view_8h.html" title="viewsets/object_view.h" alt="" coords="1913,752,2068,779">
<area shape="rect" href="$image__object__point__match_8h.html" title="viewsets/image_object_point_match.h" alt="" coords="2143,827,2385,853">
<area shape="rect" href="$object__keypoint_8h.html" title="object_keypoint.h" alt="" coords="2463,901,2585,928">
<area shape="rect" href="$example__generator_8h.html" title="example_generator.h" alt="" coords="1160,603,1301,629">
<area shape="rect" href="$image__classification__forest_8h.html" title="viewsets/image_classification_forest.h" alt="" coords="1235,379,1480,405">
<area shape="rect" href="$image__classifier_8h.html" title="image_classifier.h" alt="" coords="1060,528,1185,555">
<area shape="rect" href="$image__classification__tree_8h.html" title="image_classification_tree.h" alt="" coords="677,453,856,480">
<area shape="rect" href="$image__classification__node_8h.html" title="image_classification_node.h" alt="" coords="589,603,773,629">
<area shape="rect" href="$planar__object__recognizer_8h.html" title="viewsets/planar_object_recognizer.h" alt="" coords="1796,304,2025,331">
<area shape="rect" href="$CamCalibration_8h.html" title="calib/CamCalibration.h" alt="" coords="679,901,831,928">
<area shape="rect" href="$CamAugmentation_8h.html" title="calib/CamAugmentation.h" alt="" coords="949,304,1120,331">
<area shape="rect" href="$lightcalib_8h.html" title="lightcalib/lightcalib.h" alt="" coords="2764,827,2903,853">
<area shape="rect" href="$starter_8h.html" title="starter.h" alt="" coords="1691,901,1757,928">
<area shape="rect" href="$general_8h.html" title="general/general.h" alt="" coords="2027,976,2147,1003">
<area shape="rect" href="$linear__algebra_8h.html" title="math/linear_algebra.h" alt="" coords="1083,976,1227,1003">
<area shape="rect" href="$linear__systems_8h.html" title="math/linear_systems.h" alt="" coords="1648,976,1800,1003">
<area shape="rect" href="$mcvm_8h.html" title="math/mcvm.h" alt="" coords="2171,976,2272,1003">
<area shape="rect" href="$robust__estimators_8h.html" title="math/robust_estimators.h" alt="" coords="477,976,645,1003">
<area shape="rect" href="$affinity_8h.html" title="geometry/affinity.h" alt="" coords="1824,976,1952,1003">
<area shape="rect" href="$homography_8h.html" title="geometry/homography.h" alt="" coords="1464,976,1624,1003">
<area shape="rect" href="$projection__matrix_8h.html" title="geometry/projection_matrix.h" alt="" coords="1251,976,1440,1003">
<area shape="rect" href="$mcv_8h.html" title="image/mcv.h" alt="" coords="2296,976,2392,1003">
<area shape="rect" href="$pyrimage_8h.html" title="image/pyrimage.h" alt="" coords="2416,976,2539,1003">
<area shape="rect" href="$ls__minimizer2_8h.html" title="optimization/ls_minimizer2.h" alt="" coords="669,976,856,1003">
<area shape="rect" href="$image__class__example_8h.html" title="image_class_example.h" alt="" coords="1007,677,1167,704">
<area shape="rect" href="$lightcollector_8h.html" title="lightcollector.h" alt="" coords="2963,976,3067,1003">
<area shape="rect" href="$lightmap_8h.html" title="lightmap.h" alt="" coords="2793,901,2873,928">
<area shape="rect" href="$growmat_8h.html" title="math/growmat.h" alt="" coords="2715,976,2829,1003">
<area shape="rect" href="$ipltexture_8h.html" title="ipltexture.h" alt="" coords="2853,976,2939,1003">
