<area shape="rect" href="$artvertiser_2calibmodel_8h.html" title="calibmodel.h" alt="" coords="3108,80,3201,107">
<area shape="rect" href="$garfeild_8h.html" title="garfeild.h" alt="" coords="1813,155,1888,181">
<area shape="rect" href="$keypoint_8h.html" title="keypoints/keypoint.h" alt="" coords="2297,827,2439,853">
<area shape="rect" href="$keypoint__match_8h.html" title="keypoints/keypoint_match.h" alt="" coords="2252,304,2436,331">
<area shape="rect" href="$keypoint__orientation__corrector_8h.html" title="keypoints/keypoint_orientation_corrector.h" alt="" coords="2612,528,2876,555">
<area shape="rect" href="$yape_8h.html" title="keypoints/yape.h" alt="" coords="1761,752,1881,779">
<area shape="rect" href="$affine__image__generator_8h.html" title="viewsets/affine_image_generator.h" alt="" coords="1620,453,1839,480">
<area shape="rect" href="$object__view_8h.html" title="viewsets/object_view.h" alt="" coords="1913,677,2068,704">
<area shape="rect" href="$image__object__point__match_8h.html" title="viewsets/image_object_point_match.h" alt="" coords="2143,752,2385,779">
<area shape="rect" href="$object__keypoint_8h.html" title="object_keypoint.h" alt="" coords="2463,827,2585,853">
<area shape="rect" href="$example__generator_8h.html" title="example_generator.h" alt="" coords="1160,528,1301,555">
<area shape="rect" href="$image__classification__forest_8h.html" title="viewsets/image_classification_forest.h" alt="" coords="1236,304,1481,331">
<area shape="rect" href="$image__classifier_8h.html" title="image_classifier.h" alt="" coords="1060,453,1185,480">
<area shape="rect" href="$image__classification__tree_8h.html" title="image_classification_tree.h" alt="" coords="677,379,856,405">
<area shape="rect" href="$image__classification__node_8h.html" title="image_classification_node.h" alt="" coords="569,528,753,555">
<area shape="rect" href="$planar__object__recognizer_8h.html" title="viewsets/planar_object_recognizer.h" alt="" coords="1812,229,2041,256">
<area shape="rect" href="$CamCalibration_8h.html" title="calib/CamCalibration.h" alt="" coords="624,827,776,853">
<area shape="rect" href="$CamAugmentation_8h.html" title="calib/CamAugmentation.h" alt="" coords="967,229,1137,256">
<area shape="rect" href="$lightcalib_8h.html" title="lightcalib/lightcalib.h" alt="" coords="2744,752,2883,779">
<area shape="rect" href="$starter_8h.html" title="starter.h" alt="" coords="1691,827,1757,853">
<area shape="rect" href="$general_8h.html" title="general/general.h" alt="" coords="2027,901,2147,928">
<area shape="rect" href="$linear__algebra_8h.html" title="math/linear_algebra.h" alt="" coords="1296,901,1440,928">
<area shape="rect" href="$linear__systems_8h.html" title="math/linear_systems.h" alt="" coords="1648,901,1800,928">
<area shape="rect" href="$mcvm_8h.html" title="math/mcvm.h" alt="" coords="2171,901,2272,928">
<area shape="rect" href="$robust__estimators_8h.html" title="math/robust_estimators.h" alt="" coords="427,901,595,928">
<area shape="rect" href="$affinity_8h.html" title="geometry/affinity.h" alt="" coords="1824,901,1952,928">
<area shape="rect" href="$homography_8h.html" title="geometry/homography.h" alt="" coords="1464,901,1624,928">
<area shape="rect" href="$projection__matrix_8h.html" title="geometry/projection_matrix.h" alt="" coords="1083,901,1272,928">
<area shape="rect" href="$mcv_8h.html" title="image/mcv.h" alt="" coords="2296,901,2392,928">
<area shape="rect" href="$pyrimage_8h.html" title="image/pyrimage.h" alt="" coords="2416,901,2539,928">
<area shape="rect" href="$ls__minimizer2_8h.html" title="optimization/ls_minimizer2.h" alt="" coords="720,901,907,928">
<area shape="rect" href="$image__class__example_8h.html" title="image_class_example.h" alt="" coords="1007,603,1167,629">
<area shape="rect" href="$lightcollector_8h.html" title="lightcollector.h" alt="" coords="2963,901,3067,928">
<area shape="rect" href="$lightmap_8h.html" title="lightmap.h" alt="" coords="2773,827,2853,853">
<area shape="rect" href="$growmat_8h.html" title="math/growmat.h" alt="" coords="2715,901,2829,928">
<area shape="rect" href="$ipltexture_8h.html" title="ipltexture.h" alt="" coords="2853,901,2939,928">
