<area shape="rect" href="$garfeild_8h.html" title="garfeild.h" alt="" coords="1379,80,1453,107">
<area shape="rect" href="$keypoint_8h.html" title="keypoints/keypoint.h" alt="" coords="2056,752,2197,779">
<area shape="rect" href="$keypoint__match_8h.html" title="keypoints/keypoint_match.h" alt="" coords="1804,229,1988,256">
<area shape="rect" href="$keypoint__orientation__corrector_8h.html" title="keypoints/keypoint_orientation_corrector.h" alt="" coords="2532,453,2796,480">
<area shape="rect" href="$yape_8h.html" title="keypoints/yape.h" alt="" coords="1495,677,1615,704">
<area shape="rect" href="$affine__image__generator_8h.html" title="viewsets/affine_image_generator.h" alt="" coords="1409,379,1628,405">
<area shape="rect" href="$object__view_8h.html" title="viewsets/object_view.h" alt="" coords="1768,603,1923,629">
<area shape="rect" href="$image__object__point__match_8h.html" title="viewsets/image_object_point_match.h" alt="" coords="2215,677,2457,704">
<area shape="rect" href="$object__keypoint_8h.html" title="object_keypoint.h" alt="" coords="2393,752,2516,779">
<area shape="rect" href="$example__generator_8h.html" title="example_generator.h" alt="" coords="1133,453,1275,480">
<area shape="rect" href="$image__classification__forest_8h.html" title="viewsets/image_classification_forest.h" alt="" coords="652,229,897,256">
<area shape="rect" href="$image__classifier_8h.html" title="image_classifier.h" alt="" coords="577,379,703,405">
<area shape="rect" href="$image__classification__tree_8h.html" title="image_classification_tree.h" alt="" coords="399,304,577,331">
<area shape="rect" href="$image__classification__node_8h.html" title="image_classification_node.h" alt="" coords="125,453,309,480">
<area shape="rect" href="$planar__object__recognizer_8h.html" title="viewsets/planar_object_recognizer.h" alt="" coords="1516,155,1745,181">
<area shape="rect" href="$CamCalibration_8h.html" title="calib/CamCalibration.h" alt="" coords="859,752,1011,779">
<area shape="rect" href="$CamAugmentation_8h.html" title="calib/CamAugmentation.h" alt="" coords="828,155,999,181">
<area shape="rect" href="$lightcalib_8h.html" title="lightcalib/lightcalib.h" alt="" coords="2835,677,2973,704">
<area shape="rect" href="$starter_8h.html" title="starter.h" alt="" coords="1473,752,1540,779">
<area shape="rect" href="$general_8h.html" title="general/general.h" alt="" coords="2171,827,2291,853">
<area shape="rect" href="$linear__algebra_8h.html" title="math/linear_algebra.h" alt="" coords="891,827,1035,853">
<area shape="rect" href="$linear__systems_8h.html" title="math/linear_systems.h" alt="" coords="1211,827,1363,853">
<area shape="rect" href="$mcvm_8h.html" title="math/mcvm.h" alt="" coords="1832,827,1933,853">
<area shape="rect" href="$robust__estimators_8h.html" title="math/robust_estimators.h" alt="" coords="648,827,816,853">
<area shape="rect" href="$affinity_8h.html" title="geometry/affinity.h" alt="" coords="1059,827,1187,853">
<area shape="rect" href="$homography_8h.html" title="geometry/homography.h" alt="" coords="1648,827,1808,853">
<area shape="rect" href="$projection__matrix_8h.html" title="geometry/projection_matrix.h" alt="" coords="1957,827,2147,853">
<area shape="rect" href="$mcv_8h.html" title="image/mcv.h" alt="" coords="2365,827,2461,853">
<area shape="rect" href="$pyrimage_8h.html" title="image/pyrimage.h" alt="" coords="2485,827,2608,853">
<area shape="rect" href="$ls__minimizer2_8h.html" title="optimization/ls_minimizer2.h" alt="" coords="1387,827,1573,853">
<area shape="rect" href="$ls__step__solver_8h.html" title="ls_step_solver.h" alt="" coords="1316,901,1431,928">
<area shape="rect" href="$image__class__example_8h.html" title="image_class_example.h" alt="" coords="1124,528,1284,555">
<area shape="rect" href="$lightcollector_8h.html" title="lightcollector.h" alt="" coords="2835,827,2939,853">
<area shape="rect" href="$lightmap_8h.html" title="lightmap.h" alt="" coords="2924,752,3004,779">
<area shape="rect" href="$growmat_8h.html" title="math/growmat.h" alt="" coords="2963,827,3077,853">
<area shape="rect" href="$ipltexture_8h.html" title="ipltexture.h" alt="" coords="3101,827,3187,853">
