<area shape="rect" href="$fullcalib_2calibmodel_8h.html" title="calibmodel.h" alt="" coords="1832,80,1925,107">
<area shape="rect" href="$garfeild_8h.html" title="garfeild.h" alt="" coords="1376,155,1451,181">
<area shape="rect" href="$keypoint_8h.html" title="keypoints/keypoint.h" alt="" coords="749,827,891,853">
<area shape="rect" href="$keypoint__match_8h.html" title="keypoints/keypoint_match.h" alt="" coords="953,304,1137,331">
<area shape="rect" href="$keypoint__orientation__corrector_8h.html" title="keypoints/keypoint_orientation_corrector.h" alt="" coords="309,528,573,555">
<area shape="rect" href="$yape_8h.html" title="keypoints/yape.h" alt="" coords="1324,752,1444,779">
<area shape="rect" href="$affine__image__generator_8h.html" title="viewsets/affine_image_generator.h" alt="" coords="1132,453,1351,480">
<area shape="rect" href="$object__view_8h.html" title="viewsets/object_view.h" alt="" coords="1031,677,1185,704">
<area shape="rect" href="$image__object__point__match_8h.html" title="viewsets/image_object_point_match.h" alt="" coords="699,752,941,779">
<area shape="rect" href="$object__keypoint_8h.html" title="object_keypoint.h" alt="" coords="551,827,673,853">
<area shape="rect" href="$example__generator_8h.html" title="example_generator.h" alt="" coords="1495,528,1636,555">
<area shape="rect" href="$image__classification__forest_8h.html" title="viewsets/image_classification_forest.h" alt="" coords="1715,304,1960,331">
<area shape="rect" href="$image__classifier_8h.html" title="image_classifier.h" alt="" coords="1764,453,1889,480">
<area shape="rect" href="$image__classification__tree_8h.html" title="image_classification_tree.h" alt="" coords="1908,379,2087,405">
<area shape="rect" href="$image__classification__node_8h.html" title="image_classification_node.h" alt="" coords="2568,528,2752,555">
<area shape="rect" href="$planar__object__recognizer_8h.html" title="viewsets/planar_object_recognizer.h" alt="" coords="1223,229,1452,256">
<area shape="rect" href="$CamCalibration_8h.html" title="calib/CamCalibration.h" alt="" coords="2827,827,2979,853">
<area shape="rect" href="$CamAugmentation_8h.html" title="calib/CamAugmentation.h" alt="" coords="2673,229,2844,256">
<area shape="rect" href="$lightcalib_8h.html" title="lightcalib/lightcalib.h" alt="" coords="159,752,297,779">
<area shape="rect" href="$starter_8h.html" title="starter.h" alt="" coords="1452,827,1519,853">
<area shape="rect" href="$general_8h.html" title="general/general.h" alt="" coords="1117,901,1237,928">
<area shape="rect" href="$linear__algebra_8h.html" title="math/linear_algebra.h" alt="" coords="1984,901,2128,928">
<area shape="rect" href="$linear__systems_8h.html" title="math/linear_systems.h" alt="" coords="1413,901,1565,928">
<area shape="rect" href="$mcvm_8h.html" title="math/mcvm.h" alt="" coords="941,901,1043,928">
<area shape="rect" href="$robust__estimators_8h.html" title="math/robust_estimators.h" alt="" coords="2619,901,2787,928">
<area shape="rect" href="$affinity_8h.html" title="geometry/affinity.h" alt="" coords="1261,901,1389,928">
<area shape="rect" href="$homography_8h.html" title="geometry/homography.h" alt="" coords="1589,901,1749,928">
<area shape="rect" href="$projection__matrix_8h.html" title="geometry/projection_matrix.h" alt="" coords="2152,901,2341,928">
<area shape="rect" href="$mcv_8h.html" title="image/mcv.h" alt="" coords="675,901,771,928">
<area shape="rect" href="$pyrimage_8h.html" title="image/pyrimage.h" alt="" coords="795,901,917,928">
<area shape="rect" href="$ls__minimizer2_8h.html" title="optimization/ls_minimizer2.h" alt="" coords="1773,901,1960,928">
<area shape="rect" href="$image__class__example_8h.html" title="image_class_example.h" alt="" coords="1476,603,1636,629">
<area shape="rect" href="$lightcollector_8h.html" title="lightcollector.h" alt="" coords="45,901,149,928">
<area shape="rect" href="$lightmap_8h.html" title="lightmap.h" alt="" coords="188,827,268,853">
<area shape="rect" href="$growmat_8h.html" title="math/growmat.h" alt="" coords="283,901,397,928">
<area shape="rect" href="$ipltexture_8h.html" title="ipltexture.h" alt="" coords="173,901,259,928">
