<area shape="rect" href="$keypoint_8h.html" title="keypoints/keypoint.h" alt="" coords="471,677,612,704">
<area shape="rect" href="$keypoint__match_8h.html" title="keypoints/keypoint_match.h" alt="" coords="411,229,595,256">
<area shape="rect" href="$keypoint__orientation__corrector_8h.html" title="keypoints/keypoint_orientation_corrector.h" alt="" coords="1105,379,1369,405">
<area shape="rect" href="$yape_8h.html" title="keypoints/yape.h" alt="" coords="931,603,1051,629">
<area shape="rect" href="$affine__image__generator_8h.html" title="viewsets/affine_image_generator.h" alt="" coords="1156,304,1375,331">
<area shape="rect" href="$object__view_8h.html" title="viewsets/object_view.h" alt="" coords="775,528,929,555">
<area shape="rect" href="$image__object__point__match_8h.html" title="viewsets/image_object_point_match.h" alt="" coords="461,603,704,629">
<area shape="rect" href="$object__keypoint_8h.html" title="object_keypoint.h" alt="" coords="324,677,447,704">
<area shape="rect" href="$example__generator_8h.html" title="example_generator.h" alt="" coords="1453,379,1595,405">
<area shape="rect" href="$image__classification__forest_8h.html" title="viewsets/image_classification_forest.h" alt="" coords="1780,155,2025,181">
<area shape="rect" href="$image__classifier_8h.html" title="image_classifier.h" alt="" coords="1949,304,2075,331">
<area shape="rect" href="$image__classification__tree_8h.html" title="image_classification_tree.h" alt="" coords="2221,229,2400,256">
<area shape="rect" href="$image__classification__node_8h.html" title="image_classification_node.h" alt="" coords="2332,379,2516,405">
<area shape="rect" href="$planar__object__recognizer_8h.html" title="viewsets/planar_object_recognizer.h" alt="" coords="751,80,980,107">
<area shape="rect" href="$CamCalibration_8h.html" title="calib/CamCalibration.h" alt="" coords="2103,677,2255,704">
<area shape="rect" href="$CamAugmentation_8h.html" title="calib/CamAugmentation.h" alt="" coords="2100,155,2271,181">
<area shape="rect" href="$lightcalib_8h.html" title="lightcalib/lightcalib.h" alt="" coords="147,603,285,629">
<area shape="rect" href="$starter_8h.html" title="starter.h" alt="" coords="1375,677,1441,704">
<area shape="rect" href="$general_8h.html" title="general/general.h" alt="" coords="381,752,501,779">
<area shape="rect" href="$linear__algebra_8h.html" title="math/linear_algebra.h" alt="" coords="1683,752,1827,779">
<area shape="rect" href="$linear__systems_8h.html" title="math/linear_systems.h" alt="" coords="1120,752,1272,779">
<area shape="rect" href="$mcvm_8h.html" title="math/mcvm.h" alt="" coords="995,752,1096,779">
<area shape="rect" href="$robust__estimators_8h.html" title="math/robust_estimators.h" alt="" coords="2579,752,2747,779">
<area shape="rect" href="$affinity_8h.html" title="geometry/affinity.h" alt="" coords="1347,752,1475,779">
<area shape="rect" href="$homography_8h.html" title="geometry/homography.h" alt="" coords="1499,752,1659,779">
<area shape="rect" href="$projection__matrix_8h.html" title="geometry/projection_matrix.h" alt="" coords="1851,752,2040,779">
<area shape="rect" href="$mcv_8h.html" title="image/mcv.h" alt="" coords="728,752,824,779">
<area shape="rect" href="$pyrimage_8h.html" title="image/pyrimage.h" alt="" coords="848,752,971,779">
<area shape="rect" href="$ls__minimizer2_8h.html" title="optimization/ls_minimizer2.h" alt="" coords="2216,752,2403,779">
<area shape="rect" href="$ls__step__solver_8h.html" title="ls_step_solver.h" alt="" coords="2252,827,2367,853">
<area shape="rect" href="$image__class__example_8h.html" title="image_class_example.h" alt="" coords="1444,453,1604,480">
<area shape="rect" href="$lightcollector_8h.html" title="lightcollector.h" alt="" coords="253,752,357,779">
<area shape="rect" href="$lightmap_8h.html" title="lightmap.h" alt="" coords="169,677,249,704">
<area shape="rect" href="$growmat_8h.html" title="math/growmat.h" alt="" coords="5,752,120,779">
<area shape="rect" href="$ipltexture_8h.html" title="ipltexture.h" alt="" coords="144,752,229,779">
