<area shape="rect" href="$starter_8h.html" title="starter.h" alt="" coords="1133,379,1200,405">
<area shape="rect" href="$image__classification__node_8h.html" title="image_classification_node.h" alt="" coords="401,80,585,107">
<area shape="rect" href="$general_8h.html" title="general/general.h" alt="" coords="315,453,435,480">
<area shape="rect" href="$linear__algebra_8h.html" title="math/linear_algebra.h" alt="" coords="771,453,915,480">
<area shape="rect" href="$linear__systems_8h.html" title="math/linear_systems.h" alt="" coords="1091,453,1243,480">
<area shape="rect" href="$mcvm_8h.html" title="math/mcvm.h" alt="" coords="1664,453,1765,480">
<area shape="rect" href="$robust__estimators_8h.html" title="math/robust_estimators.h" alt="" coords="21,453,189,480">
<area shape="rect" href="$affinity_8h.html" title="geometry/affinity.h" alt="" coords="939,453,1067,480">
<area shape="rect" href="$homography_8h.html" title="geometry/homography.h" alt="" coords="1267,453,1427,480">
<area shape="rect" href="$projection__matrix_8h.html" title="geometry/projection_matrix.h" alt="" coords="1451,453,1640,480">
<area shape="rect" href="$mcv_8h.html" title="image/mcv.h" alt="" coords="1936,453,2032,480">
<area shape="rect" href="$pyrimage_8h.html" title="image/pyrimage.h" alt="" coords="1789,453,1912,480">
<area shape="rect" href="$ls__minimizer2_8h.html" title="optimization/ls_minimizer2.h" alt="" coords="459,453,645,480">
<area shape="rect" href="$ls__step__solver_8h.html" title="ls_step_solver.h" alt="" coords="424,528,539,555">
<area shape="rect" href="$image__class__example_8h.html" title="image_class_example.h" alt="" coords="1956,155,2116,181">
<area shape="rect" href="$keypoint_8h.html" title="keypoints/keypoint.h" alt="" coords="2049,379,2191,405">
<area shape="rect" href="$object__view_8h.html" title="object_view.h" alt="" coords="2073,229,2172,256">
<area shape="rect" href="$yape_8h.html" title="keypoints/yape.h" alt="" coords="1879,304,1999,331">
<area shape="rect" href="$image__object__point__match_8h.html" title="viewsets/image_object_point_match.h" alt="" coords="2124,304,2367,331">
<area shape="rect" href="$object__keypoint_8h.html" title="object_keypoint.h" alt="" coords="2215,379,2337,405">
