<area shape="rect" href="$starter_8h.html" title="starter.h" alt="" coords="1392,603,1459,629">
<area shape="rect" href="$image__classification__forest_8h.html" title="image_classification_forest.h" alt="" coords="344,80,533,107">
<area shape="rect" href="$general_8h.html" title="general/general.h" alt="" coords="1996,677,2116,704">
<area shape="rect" href="$linear__algebra_8h.html" title="math/linear_algebra.h" alt="" coords="1676,677,1820,704">
<area shape="rect" href="$linear__systems_8h.html" title="math/linear_systems.h" alt="" coords="1500,677,1652,704">
<area shape="rect" href="$mcvm_8h.html" title="math/mcvm.h" alt="" coords="1375,677,1476,704">
<area shape="rect" href="$robust__estimators_8h.html" title="math/robust_estimators.h" alt="" coords="2140,677,2308,704">
<area shape="rect" href="$affinity_8h.html" title="geometry/affinity.h" alt="" coords="1844,677,1972,704">
<area shape="rect" href="$homography_8h.html" title="geometry/homography.h" alt="" coords="1191,677,1351,704">
<area shape="rect" href="$projection__matrix_8h.html" title="geometry/projection_matrix.h" alt="" coords="977,677,1167,704">
<area shape="rect" href="$mcv_8h.html" title="image/mcv.h" alt="" coords="857,677,953,704">
<area shape="rect" href="$pyrimage_8h.html" title="image/pyrimage.h" alt="" coords="711,677,833,704">
<area shape="rect" href="$ls__minimizer2_8h.html" title="optimization/ls_minimizer2.h" alt="" coords="348,677,535,704">
<area shape="rect" href="$ls__step__solver_8h.html" title="ls_step_solver.h" alt="" coords="277,752,392,779">
<area shape="rect" href="$image__classifier_8h.html" title="image_classifier.h" alt="" coords="249,229,375,256">
<area shape="rect" href="$image__classification__tree_8h.html" title="image_classification_tree.h" alt="" coords="349,155,528,181">
<area shape="rect" href="$image__class__example_8h.html" title="image_class_example.h" alt="" coords="232,379,392,405">
<area shape="rect" href="$example__generator_8h.html" title="example_generator.h" alt="" coords="241,304,383,331">
<area shape="rect" href="$keypoint_8h.html" title="keypoints/keypoint.h" alt="" coords="392,603,533,629">
<area shape="rect" href="$object__view_8h.html" title="object_view.h" alt="" coords="476,453,575,480">
<area shape="rect" href="$yape_8h.html" title="keypoints/yape.h" alt="" coords="563,528,683,555">
<area shape="rect" href="$image__object__point__match_8h.html" title="viewsets/image_object_point_match.h" alt="" coords="245,528,488,555">
<area shape="rect" href="$object__keypoint_8h.html" title="object_keypoint.h" alt="" coords="245,603,368,629">
<area shape="rect" href="$image__classification__node_8h.html" title="image_classification_node.h" alt="" coords="457,304,641,331">
