<area shape="rect" href="$image__classifier_8h.html" title="image_classifier.h" alt="" coords="1981,155,2107,181">
<area shape="rect" href="$image__classification__tree_8h.html" title="image_classification_tree.h" alt="" coords="2105,80,2284,107">
<area shape="rect" href="$image__class__example_8h.html" title="image_class_example.h" alt="" coords="1731,304,1891,331">
<area shape="rect" href="$example__generator_8h.html" title="example_generator.h" alt="" coords="1848,229,1989,256">
<area shape="rect" href="$keypoint_8h.html" title="keypoints/keypoint.h" alt="" coords="200,528,341,555">
<area shape="rect" href="$object__view_8h.html" title="object_view.h" alt="" coords="380,379,479,405">
<area shape="rect" href="$yape_8h.html" title="keypoints/yape.h" alt="" coords="575,453,695,480">
<area shape="rect" href="$image__object__point__match_8h.html" title="viewsets/image_object_point_match.h" alt="" coords="308,453,551,480">
<area shape="rect" href="$starter_8h.html" title="starter.h" alt="" coords="857,528,924,555">
<area shape="rect" href="$general_8h.html" title="general/general.h" alt="" coords="5,603,125,629">
<area shape="rect" href="$linear__algebra_8h.html" title="math/linear_algebra.h" alt="" coords="1419,603,1563,629">
<area shape="rect" href="$linear__systems_8h.html" title="math/linear_systems.h" alt="" coords="904,603,1056,629">
<area shape="rect" href="$mcvm_8h.html" title="math/mcvm.h" alt="" coords="1080,603,1181,629">
<area shape="rect" href="$robust__estimators_8h.html" title="math/robust_estimators.h" alt="" coords="1899,603,2067,629">
<area shape="rect" href="$affinity_8h.html" title="geometry/affinity.h" alt="" coords="568,603,696,629">
<area shape="rect" href="$homography_8h.html" title="geometry/homography.h" alt="" coords="720,603,880,629">
<area shape="rect" href="$projection__matrix_8h.html" title="geometry/projection_matrix.h" alt="" coords="1205,603,1395,629">
<area shape="rect" href="$mcv_8h.html" title="image/mcv.h" alt="" coords="301,603,397,629">
<area shape="rect" href="$pyrimage_8h.html" title="image/pyrimage.h" alt="" coords="421,603,544,629">
<area shape="rect" href="$ls__minimizer2_8h.html" title="optimization/ls_minimizer2.h" alt="" coords="1637,603,1824,629">
<area shape="rect" href="$ls__step__solver_8h.html" title="ls_step_solver.h" alt="" coords="1567,677,1681,704">
<area shape="rect" href="$object__keypoint_8h.html" title="object_keypoint.h" alt="" coords="365,528,488,555">
<area shape="rect" href="$image__classification__node_8h.html" title="image_classification_node.h" alt="" coords="2141,229,2325,256">
