<area shape="rect" href="$image__classifier_8h.html" title="image_classifier.h" alt="" coords="1947,80,2072,107">
<area shape="rect" href="$image__class__example_8h.html" title="image_class_example.h" alt="" coords="512,229,672,256">
<area shape="rect" href="$example__generator_8h.html" title="example_generator.h" alt="" coords="2000,155,2141,181">
<area shape="rect" href="$keypoint_8h.html" title="keypoints/keypoint.h" alt="" coords="5,453,147,480">
<area shape="rect" href="$object__view_8h.html" title="object_view.h" alt="" coords="327,304,425,331">
<area shape="rect" href="$yape_8h.html" title="keypoints/yape.h" alt="" coords="413,379,533,405">
<area shape="rect" href="$image__object__point__match_8h.html" title="viewsets/image_object_point_match.h" alt="" coords="96,379,339,405">
<area shape="rect" href="$starter_8h.html" title="starter.h" alt="" coords="1199,453,1265,480">
<area shape="rect" href="$general_8h.html" title="general/general.h" alt="" coords="1557,528,1677,555">
<area shape="rect" href="$linear__algebra_8h.html" title="math/linear_algebra.h" alt="" coords="1389,528,1533,555">
<area shape="rect" href="$linear__systems_8h.html" title="math/linear_systems.h" alt="" coords="1701,528,1853,555">
<area shape="rect" href="$mcvm_8h.html" title="math/mcvm.h" alt="" coords="1112,528,1213,555">
<area shape="rect" href="$robust__estimators_8h.html" title="math/robust_estimators.h" alt="" coords="2088,528,2256,555">
<area shape="rect" href="$affinity_8h.html" title="geometry/affinity.h" alt="" coords="1237,528,1365,555">
<area shape="rect" href="$homography_8h.html" title="geometry/homography.h" alt="" coords="715,528,875,555">
<area shape="rect" href="$projection__matrix_8h.html" title="geometry/projection_matrix.h" alt="" coords="899,528,1088,555">
<area shape="rect" href="$mcv_8h.html" title="image/mcv.h" alt="" coords="595,528,691,555">
<area shape="rect" href="$pyrimage_8h.html" title="image/pyrimage.h" alt="" coords="448,528,571,555">
<area shape="rect" href="$ls__minimizer2_8h.html" title="optimization/ls_minimizer2.h" alt="" coords="1877,528,2064,555">
<area shape="rect" href="$ls__step__solver_8h.html" title="ls_step_solver.h" alt="" coords="2005,603,2120,629">
<area shape="rect" href="$object__keypoint_8h.html" title="object_keypoint.h" alt="" coords="171,453,293,480">
