<area shape="rect" href="$image__classification__tree_8h.html" title="image_classification_tree.h" alt="" coords="416,80,595,107">
<area shape="rect" href="$image__classifier_8h.html" title="image_classifier.h" alt="" coords="179,155,304,181">
<area shape="rect" href="$image__classification__node_8h.html" title="image_classification_node.h" alt="" coords="1101,229,1285,256">
<area shape="rect" href="$image__class__example_8h.html" title="image_class_example.h" alt="" coords="232,304,392,331">
<area shape="rect" href="$example__generator_8h.html" title="example_generator.h" alt="" coords="171,229,312,256">
<area shape="rect" href="$keypoint_8h.html" title="keypoints/keypoint.h" alt="" coords="1132,528,1273,555">
<area shape="rect" href="$object__view_8h.html" title="object_view.h" alt="" coords="509,379,608,405">
<area shape="rect" href="$yape_8h.html" title="keypoints/yape.h" alt="" coords="499,453,619,480">
<area shape="rect" href="$image__object__point__match_8h.html" title="viewsets/image_object_point_match.h" alt="" coords="872,453,1115,480">
<area shape="rect" href="$starter_8h.html" title="starter.h" alt="" coords="895,528,961,555">
<area shape="rect" href="$general_8h.html" title="general/general.h" alt="" coords="1995,603,2115,629">
<area shape="rect" href="$linear__algebra_8h.html" title="math/linear_algebra.h" alt="" coords="1725,603,1869,629">
<area shape="rect" href="$linear__systems_8h.html" title="math/linear_systems.h" alt="" coords="704,603,856,629">
<area shape="rect" href="$mcvm_8h.html" title="math/mcvm.h" alt="" coords="1000,603,1101,629">
<area shape="rect" href="$robust__estimators_8h.html" title="math/robust_estimators.h" alt="" coords="2139,603,2307,629">
<area shape="rect" href="$affinity_8h.html" title="geometry/affinity.h" alt="" coords="1573,603,1701,629">
<area shape="rect" href="$homography_8h.html" title="geometry/homography.h" alt="" coords="1125,603,1285,629">
<area shape="rect" href="$projection__matrix_8h.html" title="geometry/projection_matrix.h" alt="" coords="1360,603,1549,629">
<area shape="rect" href="$mcv_8h.html" title="image/mcv.h" alt="" coords="880,603,976,629">
<area shape="rect" href="$pyrimage_8h.html" title="image/pyrimage.h" alt="" coords="557,603,680,629">
<area shape="rect" href="$ls__minimizer2_8h.html" title="optimization/ls_minimizer2.h" alt="" coords="245,603,432,629">
<area shape="rect" href="$ls__step__solver_8h.html" title="ls_step_solver.h" alt="" coords="175,677,289,704">
<area shape="rect" href="$object__keypoint_8h.html" title="object_keypoint.h" alt="" coords="985,528,1108,555">
