<area shape="rect" href="$garfeild_8h.html" title="/home/julian/devel/artvertiser/garfeild/garfeild.h" alt="" coords="2287,677,2577,704">
<area shape="rect" href="$keypoint__match_8h.html" title="/home/julian/devel/artvertiser/garfeild/keypoints/keypoint_match.h" alt="" coords="4052,155,4452,181">
<area shape="rect" href="$yape_8h.html" title="/home/julian/devel/artvertiser/garfeild/keypoints/yape.h" alt="" coords="1569,80,1905,107">
<area shape="rect" href="$object__view_8h.html" title="/home/julian/devel/artvertiser/garfeild/viewsets/object_view.h" alt="" coords="1932,155,2303,181">
<area shape="rect" href="$planar__object__recognizer_8h.html" title="/home/julian/devel/artvertiser/garfeild/viewsets/planar_object_recognizer.h" alt="" coords="1505,603,1953,629">
<area shape="rect" href="$image__class__example_8h.html" title="/home/julian/devel/artvertiser/garfeild/viewsets/image_class_example.h" alt="" coords="2541,229,2973,256">
<area shape="rect" href="$image__object__point__match_8h.html" title="/home/julian/devel/artvertiser/garfeild/viewsets/image_object_point_match.h" alt="" coords="2155,80,2613,107">
<area shape="rect" href="$artvertiser_2calibmodel_8h.html" title="/home/julian/devel/artvertiser/samples/artvertiser/calibmodel.h" alt="" coords="824,752,1203,779">
<area shape="rect" href="$artvertiser_2augment3d_8cpp.html" title="/home/julian/devel/artvertiser/samples/artvertiser/augment3d.cpp" alt="" coords="1227,752,1621,779">
<area shape="rect" href="$filedetect_8cpp.html" title="A planar_object_recognizer example." alt="" coords="1645,752,2024,779">
<area shape="rect" href="$fullcalib_2calibmodel_8h.html" title="/home/julian/devel/artvertiser/samples/fullcalib/calibmodel.h" alt="" coords="2048,752,2413,779">
<area shape="rect" href="$interactive_8cpp.html" title="An interactive example of 2D planar object training and detection. This example uses..." alt="" coords="2437,752,2832,779">
<area shape="rect" href="$multicam_2calibmodel_8h.html" title="/home/julian/devel/artvertiser/samples/multicam/calibmodel.h" alt="" coords="2856,752,3232,779">
<area shape="rect" href="$singlecalib_2augment3d_8cpp.html" title="/home/julian/devel/artvertiser/samples/singlecalib/augment3d.cpp" alt="" coords="3256,752,3656,779">
<area shape="rect" href="$singlecalib_8cpp.html" title="A single camera geometric calibration interactive example." alt="" coords="3680,752,4075,779">
<area shape="rect" href="$artvertiser_2multigrab_8h.html" title="/home/julian/devel/artvertiser/samples/artvertiser/multigrab.h" alt="" coords="625,827,996,853">
<area shape="rect" href="$artvertiser_2calibmodel_8cpp.html" title="/home/julian/devel/artvertiser/samples/artvertiser/calibmodel.cpp" alt="" coords="1020,827,1415,853">
<area shape="rect" href="$artvertiser_8cpp.html" title="/home/julian/devel/artvertiser/samples/artvertiser/artvertiser.cpp" alt="" coords="821,901,1211,928">
<area shape="rect" href="$draw_8cpp.html" title="/home/julian/devel/artvertiser/samples/artvertiser/draw.cpp" alt="" coords="1235,901,1592,928">
<area shape="rect" href="$artvertiser_2multicam_8cpp.html" title="/home/julian/devel/artvertiser/samples/artvertiser/multicam.cpp" alt="" coords="5,901,389,928">
<area shape="rect" href="$artvertiser_2multigrab_8cpp.html" title="/home/julian/devel/artvertiser/samples/artvertiser/multigrab.cpp" alt="" coords="413,901,797,928">
<area shape="rect" href="$fullcalib_2calibmodel_8cpp.html" title="/home/julian/devel/artvertiser/samples/fullcalib/calibmodel.cpp" alt="" coords="2041,827,2420,853">
<area shape="rect" href="$fullcalib-gl_8cpp.html" title="/home/julian/devel/artvertiser/samples/fullcalib/fullcalib&#45;gl.cpp" alt="" coords="2444,827,2820,853">
<area shape="rect" href="$fullcalib_8cpp.html" title="All in one geometric and photometric calibration example." alt="" coords="1655,827,2017,853">
<area shape="rect" href="$multicam_2calibmodel_8cpp.html" title="/home/julian/devel/artvertiser/samples/multicam/calibmodel.cpp" alt="" coords="2847,827,3236,853">
<area shape="rect" href="$multicam_2multigrab_8h.html" title="/home/julian/devel/artvertiser/samples/multicam/multigrab.h" alt="" coords="3260,827,3625,853">
<area shape="rect" href="$multicam_2multicam_8cpp.html" title="/home/julian/devel/artvertiser/samples/multicam/multicam.cpp" alt="" coords="3253,901,3632,928">
<area shape="rect" href="$multigl_8cpp.html" title="Real&#45;time augmentation using OpenGL and shaders." alt="" coords="3656,901,4021,928">
<area shape="rect" href="$multicam_2multigrab_8cpp.html" title="/home/julian/devel/artvertiser/samples/multicam/multigrab.cpp" alt="" coords="2851,901,3229,928">
<area shape="rect" href="$yape_8cpp.html" title="/home/julian/devel/artvertiser/garfeild/keypoints/yape.cpp" alt="" coords="1455,155,1807,181">
<area shape="rect" href="$planar__object__recognizer_8cpp.html" title="/home/julian/devel/artvertiser/garfeild/viewsets/planar_object_recognizer.cpp" alt="" coords="1317,677,1779,704">
<area shape="rect" href="$affine__image__generator_8h.html" title="/home/julian/devel/artvertiser/garfeild/viewsets/affine_image_generator.h" alt="" coords="1773,379,2211,405">
<area shape="rect" href="$object__view_8cpp.html" title="/home/julian/devel/artvertiser/garfeild/viewsets/object_view.cpp" alt="" coords="1884,229,2268,256">
<area shape="rect" href="$affine__image__generator_8cpp.html" title="/home/julian/devel/artvertiser/garfeild/viewsets/affine_image_generator.cpp" alt="" coords="1767,453,2217,480">
<area shape="rect" href="$example__generator_8h.html" title="/home/julian/devel/artvertiser/garfeild/viewsets/example_generator.h" alt="" coords="2343,304,2756,331">
<area shape="rect" href="$image__classifier_8h.html" title="/home/julian/devel/artvertiser/garfeild/viewsets/image_classifier.h" alt="" coords="3173,379,3571,405">
<area shape="rect" href="$image__class__example_8cpp.html" title="/home/julian/devel/artvertiser/garfeild/viewsets/image_class_example.cpp" alt="" coords="2831,304,3279,331">
<area shape="rect" href="$image__classification__node_8h.html" title="/home/julian/devel/artvertiser/garfeild/viewsets/image_classification_node.h" alt="" coords="2508,379,2964,405">
<area shape="rect" href="$image__classification__forest_8h.html" title="/home/julian/devel/artvertiser/garfeild/viewsets/image_classification_forest.h" alt="" coords="2983,528,3444,555">
<area shape="rect" href="$image__classification__tree_8h.html" title="/home/julian/devel/artvertiser/garfeild/viewsets/image_classification_tree.h" alt="" coords="2940,453,3391,480">
<area shape="rect" href="$image__classifier_8cpp.html" title="/home/julian/devel/artvertiser/garfeild/viewsets/image_classifier.cpp" alt="" coords="3516,453,3927,480">
<area shape="rect" href="$image__classification__forest_8cpp.html" title="/home/julian/devel/artvertiser/garfeild/viewsets/image_classification_forest.cpp" alt="" coords="2969,603,3444,629">
<area shape="rect" href="$image__classification__tree_8cpp.html" title="/home/julian/devel/artvertiser/garfeild/viewsets/image_classification_tree.cpp" alt="" coords="2495,528,2959,555">
<area shape="rect" href="$image__classification__node_8cpp.html" title="/home/julian/devel/artvertiser/garfeild/viewsets/image_classification_node.cpp" alt="" coords="2444,453,2916,480">
