<area shape="rect" href="$starter_8h.html" title="starter.h" alt="" coords="905,80,972,107">
<area shape="rect" href="$keypoint__orientation__corrector_8h.html" title="keypoint_orientation_corrector.h" alt="" coords="996,80,1201,107">
<area shape="rect" href="$general_8h.html" title="general/general.h" alt="" coords="1552,155,1672,181">
<area shape="rect" href="$linear__algebra_8h.html" title="math/linear_algebra.h" alt="" coords="176,155,320,181">
<area shape="rect" href="$linear__systems_8h.html" title="math/linear_systems.h" alt="" coords="344,155,496,181">
<area shape="rect" href="$mcvm_8h.html" title="math/mcvm.h" alt="" coords="733,155,835,181">
<area shape="rect" href="$robust__estimators_8h.html" title="math/robust_estimators.h" alt="" coords="1309,155,1477,181">
<area shape="rect" href="$affinity_8h.html" title="geometry/affinity.h" alt="" coords="24,155,152,181">
<area shape="rect" href="$homography_8h.html" title="geometry/homography.h" alt="" coords="859,155,1019,181">
<area shape="rect" href="$projection__matrix_8h.html" title="geometry/projection_matrix.h" alt="" coords="520,155,709,181">
<area shape="rect" href="$mcv_8h.html" title="image/mcv.h" alt="" coords="1189,155,1285,181">
<area shape="rect" href="$pyrimage_8h.html" title="image/pyrimage.h" alt="" coords="1043,155,1165,181">
<area shape="rect" href="$ls__minimizer2_8h.html" title="optimization/ls_minimizer2.h" alt="" coords="1696,155,1883,181">
<area shape="rect" href="$ls__step__solver_8h.html" title="ls_step_solver.h" alt="" coords="1883,229,1997,256">
