<area shape="rect" href="$garfeild_8h.html" title="/home/julian/devel/artvertiser/garfeild/garfeild.h" alt="" coords="2272,80,2563,107">
<area shape="rect" href="$artvertiser_2calibmodel_8h.html" title="/home/julian/devel/artvertiser/samples/artvertiser/calibmodel.h" alt="" coords="809,155,1188,181">
<area shape="rect" href="$artvertiser_2augment3d_8cpp.html" title="/home/julian/devel/artvertiser/samples/artvertiser/augment3d.cpp" alt="" coords="1212,155,1607,181">
<area shape="rect" href="$filedetect_8cpp.html" title="A planar_object_recognizer example." alt="" coords="1631,155,2009,181">
<area shape="rect" href="$fullcalib_2calibmodel_8h.html" title="/home/julian/devel/artvertiser/samples/fullcalib/calibmodel.h" alt="" coords="2033,155,2399,181">
<area shape="rect" href="$interactive_8cpp.html" title="An interactive example of 2D planar object training and detection. This example uses..." alt="" coords="2423,155,2817,181">
<area shape="rect" href="$multicam_2calibmodel_8h.html" title="/home/julian/devel/artvertiser/samples/multicam/calibmodel.h" alt="" coords="2841,155,3217,181">
<area shape="rect" href="$singlecalib_2augment3d_8cpp.html" title="/home/julian/devel/artvertiser/samples/singlecalib/augment3d.cpp" alt="" coords="3241,155,3641,181">
<area shape="rect" href="$singlecalib_8cpp.html" title="A single camera geometric calibration interactive example." alt="" coords="3665,155,4060,181">
<area shape="rect" href="$artvertiser_2multigrab_8h.html" title="/home/julian/devel/artvertiser/samples/artvertiser/multigrab.h" alt="" coords="609,229,980,256">
<area shape="rect" href="$artvertiser_2calibmodel_8cpp.html" title="/home/julian/devel/artvertiser/samples/artvertiser/calibmodel.cpp" alt="" coords="1004,229,1399,256">
<area shape="rect" href="$artvertiser_8cpp.html" title="/home/julian/devel/artvertiser/samples/artvertiser/artvertiser.cpp" alt="" coords="5,304,395,331">
<area shape="rect" href="$draw_8cpp.html" title="/home/julian/devel/artvertiser/samples/artvertiser/draw.cpp" alt="" coords="419,304,776,331">
<area shape="rect" href="$artvertiser_2multicam_8cpp.html" title="/home/julian/devel/artvertiser/samples/artvertiser/multicam.cpp" alt="" coords="800,304,1184,331">
<area shape="rect" href="$artvertiser_2multigrab_8cpp.html" title="/home/julian/devel/artvertiser/samples/artvertiser/multigrab.cpp" alt="" coords="1208,304,1592,331">
<area shape="rect" href="$fullcalib_2calibmodel_8cpp.html" title="/home/julian/devel/artvertiser/samples/fullcalib/calibmodel.cpp" alt="" coords="1625,229,2004,256">
<area shape="rect" href="$fullcalib-gl_8cpp.html" title="/home/julian/devel/artvertiser/samples/fullcalib/fullcalib&#45;gl.cpp" alt="" coords="2028,229,2404,256">
<area shape="rect" href="$fullcalib_8cpp.html" title="All in one geometric and photometric calibration example." alt="" coords="2428,229,2791,256">
<area shape="rect" href="$multicam_2calibmodel_8cpp.html" title="/home/julian/devel/artvertiser/samples/multicam/calibmodel.cpp" alt="" coords="2824,229,3213,256">
<area shape="rect" href="$multicam_2multigrab_8h.html" title="/home/julian/devel/artvertiser/samples/multicam/multigrab.h" alt="" coords="3237,229,3603,256">
<area shape="rect" href="$multicam_2multicam_8cpp.html" title="/home/julian/devel/artvertiser/samples/multicam/multicam.cpp" alt="" coords="2835,304,3213,331">
<area shape="rect" href="$multigl_8cpp.html" title="Real&#45;time augmentation using OpenGL and shaders." alt="" coords="3237,304,3603,331">
<area shape="rect" href="$multicam_2multigrab_8cpp.html" title="/home/julian/devel/artvertiser/samples/multicam/multigrab.cpp" alt="" coords="3627,304,4005,331">
