<area shape="rect" href="$camera_8h.html" title="calib/camera.h" alt="" coords="5,155,112,181">
<area shape="rect" href="$multicam_2multigrab_8h.html" title="multigrab.h" alt="" coords="1803,80,1888,107">
<area shape="rect" href="$matvec_8h.html" title="matvec.h" alt="" coords="43,976,117,1003">
<area shape="rect" href="$multicam_2calibmodel_8h.html" title="calibmodel.h" alt="" coords="1807,155,1900,181">
<area shape="rect" href="$garfeild_8h.html" title="garfeild.h" alt="" coords="1820,229,1895,256">
<area shape="rect" href="$keypoint_8h.html" title="keypoints/keypoint.h" alt="" coords="2501,901,2643,928">
<area shape="rect" href="$keypoint__match_8h.html" title="keypoints/keypoint_match.h" alt="" coords="1765,379,1949,405">
<area shape="rect" href="$keypoint__orientation__corrector_8h.html" title="keypoints/keypoint_orientation_corrector.h" alt="" coords="2379,603,2643,629">
<area shape="rect" href="$yape_8h.html" title="keypoints/yape.h" alt="" coords="1923,827,2043,853">
<area shape="rect" href="$affine__image__generator_8h.html" title="viewsets/affine_image_generator.h" alt="" coords="1883,528,2101,555">
<area shape="rect" href="$object__view_8h.html" title="viewsets/object_view.h" alt="" coords="2119,752,2273,779">
<area shape="rect" href="$image__object__point__match_8h.html" title="viewsets/image_object_point_match.h" alt="" coords="2451,827,2693,853">
<area shape="rect" href="$object__keypoint_8h.html" title="object_keypoint.h" alt="" coords="2717,901,2840,928">
<area shape="rect" href="$example__generator_8h.html" title="example_generator.h" alt="" coords="1164,603,1305,629">
<area shape="rect" href="$image__classification__forest_8h.html" title="viewsets/image_classification_forest.h" alt="" coords="1324,379,1569,405">
<area shape="rect" href="$image__classifier_8h.html" title="image_classifier.h" alt="" coords="1065,528,1191,555">
<area shape="rect" href="$image__classification__tree_8h.html" title="image_classification_tree.h" alt="" coords="1039,453,1217,480">
<area shape="rect" href="$image__classification__node_8h.html" title="image_classification_node.h" alt="" coords="383,603,567,629">
<area shape="rect" href="$planar__object__recognizer_8h.html" title="viewsets/planar_object_recognizer.h" alt="" coords="2024,304,2253,331">
<area shape="rect" href="$CamCalibration_8h.html" title="calib/CamCalibration.h" alt="" coords="347,901,499,928">
<area shape="rect" href="$CamAugmentation_8h.html" title="calib/CamAugmentation.h" alt="" coords="779,304,949,331">
<area shape="rect" href="$lightcalib_8h.html" title="lightcalib/lightcalib.h" alt="" coords="2963,827,3101,853">
<area shape="rect" href="$starter_8h.html" title="starter.h" alt="" coords="1812,901,1879,928">
<area shape="rect" href="$general_8h.html" title="general/general.h" alt="" coords="2024,976,2144,1003">
<area shape="rect" href="$linear__algebra_8h.html" title="math/linear_algebra.h" alt="" coords="819,976,963,1003">
<area shape="rect" href="$linear__systems_8h.html" title="math/linear_systems.h" alt="" coords="2168,976,2320,1003">
<area shape="rect" href="$mcvm_8h.html" title="math/mcvm.h" alt="" coords="1424,976,1525,1003">
<area shape="rect" href="$robust__estimators_8h.html" title="math/robust_estimators.h" alt="" coords="627,976,795,1003">
<area shape="rect" href="$affinity_8h.html" title="geometry/affinity.h" alt="" coords="1272,976,1400,1003">
<area shape="rect" href="$homography_8h.html" title="geometry/homography.h" alt="" coords="1088,976,1248,1003">
<area shape="rect" href="$projection__matrix_8h.html" title="geometry/projection_matrix.h" alt="" coords="1549,976,1739,1003">
<area shape="rect" href="$mcv_8h.html" title="image/mcv.h" alt="" coords="2344,976,2440,1003">
<area shape="rect" href="$pyrimage_8h.html" title="image/pyrimage.h" alt="" coords="2515,976,2637,1003">
<area shape="rect" href="$ls__minimizer2_8h.html" title="optimization/ls_minimizer2.h" alt="" coords="1763,976,1949,1003">
<area shape="rect" href="$image__class__example_8h.html" title="image_class_example.h" alt="" coords="1037,677,1197,704">
<area shape="rect" href="$lightcollector_8h.html" title="lightcollector.h" alt="" coords="3163,976,3267,1003">
<area shape="rect" href="$lightmap_8h.html" title="lightmap.h" alt="" coords="2992,901,3072,928">
<area shape="rect" href="$growmat_8h.html" title="math/growmat.h" alt="" coords="3024,976,3139,1003">
<area shape="rect" href="$ipltexture_8h.html" title="ipltexture.h" alt="" coords="2915,976,3000,1003">
