<area shape="rect" href="$starter_8h.html" title="starter.h" alt="" coords="1236,229,1303,256">
<area shape="rect" href="$object__view_8h.html" title="object_view.h" alt="" coords="2024,80,2123,107">
<area shape="rect" href="$general_8h.html" title="general/general.h" alt="" coords="1865,304,1985,331">
<area shape="rect" href="$linear__algebra_8h.html" title="math/linear_algebra.h" alt="" coords="756,304,900,331">
<area shape="rect" href="$linear__systems_8h.html" title="math/linear_systems.h" alt="" coords="580,304,732,331">
<area shape="rect" href="$mcvm_8h.html" title="math/mcvm.h" alt="" coords="1473,304,1575,331">
<area shape="rect" href="$robust__estimators_8h.html" title="math/robust_estimators.h" alt="" coords="388,304,556,331">
<area shape="rect" href="$affinity_8h.html" title="geometry/affinity.h" alt="" coords="924,304,1052,331">
<area shape="rect" href="$homography_8h.html" title="geometry/homography.h" alt="" coords="1289,304,1449,331">
<area shape="rect" href="$projection__matrix_8h.html" title="geometry/projection_matrix.h" alt="" coords="1076,304,1265,331">
<area shape="rect" href="$mcv_8h.html" title="image/mcv.h" alt="" coords="1599,304,1695,331">
<area shape="rect" href="$pyrimage_8h.html" title="image/pyrimage.h" alt="" coords="1719,304,1841,331">
<area shape="rect" href="$ls__minimizer2_8h.html" title="optimization/ls_minimizer2.h" alt="" coords="76,304,263,331">
<area shape="rect" href="$ls__step__solver_8h.html" title="ls_step_solver.h" alt="" coords="5,379,120,405">
<area shape="rect" href="$keypoint_8h.html" title="keypoints/keypoint.h" alt="" coords="2111,229,2252,256">
<area shape="rect" href="$yape_8h.html" title="keypoints/yape.h" alt="" coords="1916,155,2036,181">
<area shape="rect" href="$image__object__point__match_8h.html" title="viewsets/image_object_point_match.h" alt="" coords="2161,155,2404,181">
<area shape="rect" href="$object__keypoint_8h.html" title="object_keypoint.h" alt="" coords="2276,229,2399,256">
