<area shape="rect" href="$keypoint_8h.html" title="keypoints/keypoint.h" alt="" coords="440,603,581,629">
<area shape="rect" href="$yape_8h.html" title="keypoints/yape.h" alt="" coords="779,528,899,555">
<area shape="rect" href="$starter_8h.html" title="starter.h" alt="" coords="1024,603,1091,629">
<area shape="rect" href="$affine__image__generator_8h.html" title="affine_image_generator.h" alt="" coords="632,229,797,256">
<area shape="rect" href="$object__view_8h.html" title="viewsets/object_view.h" alt="" coords="597,453,752,480">
<area shape="rect" href="$image__object__point__match_8h.html" title="viewsets/image_object_point_match.h" alt="" coords="395,528,637,555">
<area shape="rect" href="$image__classification__forest_8h.html" title="image_classification_forest.h" alt="" coords="1823,80,2012,107">
<area shape="rect" href="$general_8h.html" title="general/general.h" alt="" coords="1635,677,1755,704">
<area shape="rect" href="$linear__algebra_8h.html" title="math/linear_algebra.h" alt="" coords="1315,677,1459,704">
<area shape="rect" href="$linear__systems_8h.html" title="math/linear_systems.h" alt="" coords="616,677,768,704">
<area shape="rect" href="$mcvm_8h.html" title="math/mcvm.h" alt="" coords="1189,677,1291,704">
<area shape="rect" href="$robust__estimators_8h.html" title="math/robust_estimators.h" alt="" coords="2040,677,2208,704">
<area shape="rect" href="$affinity_8h.html" title="geometry/affinity.h" alt="" coords="1483,677,1611,704">
<area shape="rect" href="$homography_8h.html" title="geometry/homography.h" alt="" coords="792,677,952,704">
<area shape="rect" href="$projection__matrix_8h.html" title="geometry/projection_matrix.h" alt="" coords="976,677,1165,704">
<area shape="rect" href="$mcv_8h.html" title="image/mcv.h" alt="" coords="349,677,445,704">
<area shape="rect" href="$pyrimage_8h.html" title="image/pyrimage.h" alt="" coords="469,677,592,704">
<area shape="rect" href="$ls__minimizer2_8h.html" title="optimization/ls_minimizer2.h" alt="" coords="1829,677,2016,704">
<area shape="rect" href="$ls__step__solver_8h.html" title="ls_step_solver.h" alt="" coords="1865,752,1980,779">
<area shape="rect" href="$keypoint__orientation__corrector_8h.html" title="keypoints/keypoint_orientation_corrector.h" alt="" coords="5,453,269,480">
<area shape="rect" href="$example__generator_8h.html" title="example_generator.h" alt="" coords="1615,304,1756,331">
<area shape="rect" href="$object__keypoint_8h.html" title="object_keypoint.h" alt="" coords="293,603,416,629">
<area shape="rect" href="$image__class__example_8h.html" title="image_class_example.h" alt="" coords="1595,379,1755,405">
<area shape="rect" href="$image__classifier_8h.html" title="image_classifier.h" alt="" coords="1855,229,1980,256">
<area shape="rect" href="$image__classification__tree_8h.html" title="image_classification_tree.h" alt="" coords="2116,155,2295,181">
<area shape="rect" href="$image__classification__node_8h.html" title="image_classification_node.h" alt="" coords="2199,304,2383,331">
