<area shape="rect" href="$garfeild_8h.html" title="garfeild.h" alt="" coords="1929,80,2004,107">
<area shape="rect" href="$keypoint_8h.html" title="keypoints/keypoint.h" alt="" coords="2672,752,2813,779">
<area shape="rect" href="$keypoint__match_8h.html" title="keypoints/keypoint_match.h" alt="" coords="2651,229,2835,256">
<area shape="rect" href="$keypoint__orientation__corrector_8h.html" title="keypoints/keypoint_orientation_corrector.h" alt="" coords="2909,453,3173,480">
<area shape="rect" href="$yape_8h.html" title="keypoints/yape.h" alt="" coords="2195,677,2315,704">
<area shape="rect" href="$affine__image__generator_8h.html" title="viewsets/affine_image_generator.h" alt="" coords="1944,379,2163,405">
<area shape="rect" href="$object__view_8h.html" title="viewsets/object_view.h" alt="" coords="2261,603,2416,629">
<area shape="rect" href="$image__object__point__match_8h.html" title="viewsets/image_object_point_match.h" alt="" coords="2491,677,2733,704">
<area shape="rect" href="$object__keypoint_8h.html" title="object_keypoint.h" alt="" coords="2837,752,2960,779">
<area shape="rect" href="$example__generator_8h.html" title="example_generator.h" alt="" coords="1677,453,1819,480">
<area shape="rect" href="$image__classification__forest_8h.html" title="viewsets/image_classification_forest.h" alt="" coords="1277,229,1523,256">
<area shape="rect" href="$image__classifier_8h.html" title="image_classifier.h" alt="" coords="1207,379,1332,405">
<area shape="rect" href="$image__classification__tree_8h.html" title="image_classification_tree.h" alt="" coords="1028,304,1207,331">
<area shape="rect" href="$image__classification__node_8h.html" title="image_classification_node.h" alt="" coords="763,453,947,480">
<area shape="rect" href="$planar__object__recognizer_8h.html" title="viewsets/planar_object_recognizer.h" alt="" coords="2111,155,2340,181">
<area shape="rect" href="$CamCalibration_8h.html" title="calib/CamCalibration.h" alt="" coords="1083,752,1235,779">
<area shape="rect" href="$CamAugmentation_8h.html" title="calib/CamAugmentation.h" alt="" coords="1597,155,1768,181">
<area shape="rect" href="$lightcalib_8h.html" title="lightcalib/lightcalib.h" alt="" coords="1981,677,2120,704">
<area shape="rect" href="$starter_8h.html" title="starter.h" alt="" coords="1864,752,1931,779">
<area shape="rect" href="$general_8h.html" title="general/general.h" alt="" coords="2203,827,2323,853">
<area shape="rect" href="$linear__algebra_8h.html" title="math/linear_algebra.h" alt="" coords="1317,827,1461,853">
<area shape="rect" href="$linear__systems_8h.html" title="math/linear_systems.h" alt="" coords="1824,827,1976,853">
<area shape="rect" href="$mcvm_8h.html" title="math/mcvm.h" alt="" coords="1699,827,1800,853">
<area shape="rect" href="$robust__estimators_8h.html" title="math/robust_estimators.h" alt="" coords="528,827,696,853">
<area shape="rect" href="$affinity_8h.html" title="geometry/affinity.h" alt="" coords="2000,827,2128,853">
<area shape="rect" href="$homography_8h.html" title="geometry/homography.h" alt="" coords="1133,827,1293,853">
<area shape="rect" href="$projection__matrix_8h.html" title="geometry/projection_matrix.h" alt="" coords="1485,827,1675,853">
<area shape="rect" href="$mcv_8h.html" title="image/mcv.h" alt="" coords="2347,827,2443,853">
<area shape="rect" href="$pyrimage_8h.html" title="image/pyrimage.h" alt="" coords="2467,827,2589,853">
<area shape="rect" href="$ls__minimizer2_8h.html" title="optimization/ls_minimizer2.h" alt="" coords="720,827,907,853">
<area shape="rect" href="$ls__step__solver_8h.html" title="ls_step_solver.h" alt="" coords="756,901,871,928">
<area shape="rect" href="$image__class__example_8h.html" title="image_class_example.h" alt="" coords="1648,528,1808,555">
<area shape="rect" href="$lightcollector_8h.html" title="lightcollector.h" alt="" coords="2861,827,2965,853">
<area shape="rect" href="$lightmap_8h.html" title="lightmap.h" alt="" coords="2416,752,2496,779">
<area shape="rect" href="$growmat_8h.html" title="math/growmat.h" alt="" coords="2723,827,2837,853">
<area shape="rect" href="$ipltexture_8h.html" title="ipltexture.h" alt="" coords="2613,827,2699,853">
