<area shape="rect" href="$keypoint__orientation__corrector_8cpp.html" title="/home/julian/devel/artvertiser/garfeild/keypoints/keypoint_orientation_corrector.cpp" alt="" coords="5,80,501,107">
<area shape="rect" href="$yape_8cpp.html" title="/home/julian/devel/artvertiser/garfeild/keypoints/yape.cpp" alt="" coords="728,155,1080,181">
<area shape="rect" href="$yape_8h.html" title="/home/julian/devel/artvertiser/garfeild/keypoints/yape.h" alt="" coords="1664,80,2000,107">
<area shape="rect" href="$affine__image__generator_8h.html" title="/home/julian/devel/artvertiser/garfeild/viewsets/affine_image_generator.h" alt="" coords="1985,379,2423,405">
<area shape="rect" href="$affine__image__generator_8cpp.html" title="/home/julian/devel/artvertiser/garfeild/viewsets/affine_image_generator.cpp" alt="" coords="2087,453,2537,480">
<area shape="rect" href="$planar__object__recognizer_8h.html" title="/home/julian/devel/artvertiser/garfeild/viewsets/planar_object_recognizer.h" alt="" coords="2036,603,2484,629">
<area shape="rect" href="$planar__object__recognizer_8cpp.html" title="/home/julian/devel/artvertiser/garfeild/viewsets/planar_object_recognizer.cpp" alt="" coords="2445,677,2907,704">
<area shape="rect" href="$image__classification__forest_8cpp.html" title="/home/julian/devel/artvertiser/garfeild/viewsets/image_classification_forest.cpp" alt="" coords="1335,603,1809,629">
<area shape="rect" href="$image__classification__node_8cpp.html" title="/home/julian/devel/artvertiser/garfeild/viewsets/image_classification_node.cpp" alt="" coords="627,379,1099,405">
<area shape="rect" href="$object__view_8cpp.html" title="/home/julian/devel/artvertiser/garfeild/viewsets/object_view.cpp" alt="" coords="2103,229,2487,256">
<area shape="rect" href="$garfeild_8h.html" title="/home/julian/devel/artvertiser/garfeild/garfeild.h" alt="" coords="1701,677,1992,704">
<area shape="rect" href="$object__view_8h.html" title="/home/julian/devel/artvertiser/garfeild/viewsets/object_view.h" alt="" coords="1804,155,2175,181">
<area shape="rect" href="$artvertiser_2calibmodel_8h.html" title="/home/julian/devel/artvertiser/samples/artvertiser/calibmodel.h" alt="" coords="239,752,617,779">
<area shape="rect" href="$artvertiser_2augment3d_8cpp.html" title="/home/julian/devel/artvertiser/samples/artvertiser/augment3d.cpp" alt="" coords="641,752,1036,779">
<area shape="rect" href="$filedetect_8cpp.html" title="A planar_object_recognizer example." alt="" coords="1060,752,1439,779">
<area shape="rect" href="$fullcalib_2calibmodel_8h.html" title="/home/julian/devel/artvertiser/samples/fullcalib/calibmodel.h" alt="" coords="1463,752,1828,779">
<area shape="rect" href="$interactive_8cpp.html" title="An interactive example of 2D planar object training and detection. This example uses..." alt="" coords="1852,752,2247,779">
<area shape="rect" href="$multicam_2calibmodel_8h.html" title="/home/julian/devel/artvertiser/samples/multicam/calibmodel.h" alt="" coords="2271,752,2647,779">
<area shape="rect" href="$singlecalib_2augment3d_8cpp.html" title="/home/julian/devel/artvertiser/samples/singlecalib/augment3d.cpp" alt="" coords="2671,752,3071,779">
<area shape="rect" href="$singlecalib_8cpp.html" title="A single camera geometric calibration interactive example." alt="" coords="3095,752,3489,779">
<area shape="rect" href="$artvertiser_2multigrab_8h.html" title="/home/julian/devel/artvertiser/samples/artvertiser/multigrab.h" alt="" coords="443,827,813,853">
<area shape="rect" href="$artvertiser_2calibmodel_8cpp.html" title="/home/julian/devel/artvertiser/samples/artvertiser/calibmodel.cpp" alt="" coords="24,827,419,853">
<area shape="rect" href="$artvertiser_8cpp.html" title="/home/julian/devel/artvertiser/samples/artvertiser/artvertiser.cpp" alt="" coords="1244,901,1633,928">
<area shape="rect" href="$draw_8cpp.html" title="/home/julian/devel/artvertiser/samples/artvertiser/draw.cpp" alt="" coords="47,901,404,928">
<area shape="rect" href="$artvertiser_2multicam_8cpp.html" title="/home/julian/devel/artvertiser/samples/artvertiser/multicam.cpp" alt="" coords="428,901,812,928">
<area shape="rect" href="$artvertiser_2multigrab_8cpp.html" title="/home/julian/devel/artvertiser/samples/artvertiser/multigrab.cpp" alt="" coords="836,901,1220,928">
<area shape="rect" href="$fullcalib_2calibmodel_8cpp.html" title="/home/julian/devel/artvertiser/samples/fullcalib/calibmodel.cpp" alt="" coords="1055,827,1433,853">
<area shape="rect" href="$fullcalib-gl_8cpp.html" title="/home/julian/devel/artvertiser/samples/fullcalib/fullcalib&#45;gl.cpp" alt="" coords="1457,827,1833,853">
<area shape="rect" href="$fullcalib_8cpp.html" title="All in one geometric and photometric calibration example." alt="" coords="1857,827,2220,853">
<area shape="rect" href="$multicam_2calibmodel_8cpp.html" title="/home/julian/devel/artvertiser/samples/multicam/calibmodel.cpp" alt="" coords="2648,827,3037,853">
<area shape="rect" href="$multicam_2multigrab_8h.html" title="/home/julian/devel/artvertiser/samples/multicam/multigrab.h" alt="" coords="2259,827,2624,853">
<area shape="rect" href="$multicam_2multicam_8cpp.html" title="/home/julian/devel/artvertiser/samples/multicam/multicam.cpp" alt="" coords="1856,901,2235,928">
<area shape="rect" href="$multigl_8cpp.html" title="Real&#45;time augmentation using OpenGL and shaders." alt="" coords="2259,901,2624,928">
<area shape="rect" href="$multicam_2multigrab_8cpp.html" title="/home/julian/devel/artvertiser/samples/multicam/multigrab.cpp" alt="" coords="2648,901,3027,928">
<area shape="rect" href="$image__class__example_8h.html" title="/home/julian/devel/artvertiser/garfeild/viewsets/image_class_example.h" alt="" coords="1216,229,1648,256">
<area shape="rect" href="$example__generator_8h.html" title="/home/julian/devel/artvertiser/garfeild/viewsets/example_generator.h" alt="" coords="1680,304,2093,331">
<area shape="rect" href="$image__classifier_8h.html" title="/home/julian/devel/artvertiser/garfeild/viewsets/image_classifier.h" alt="" coords="1224,379,1621,405">
<area shape="rect" href="$image__class__example_8cpp.html" title="/home/julian/devel/artvertiser/garfeild/viewsets/image_class_example.cpp" alt="" coords="1208,304,1656,331">
<area shape="rect" href="$image__classification__node_8h.html" title="/home/julian/devel/artvertiser/garfeild/viewsets/image_classification_node.h" alt="" coords="677,304,1133,331">
<area shape="rect" href="$image__classification__forest_8h.html" title="/home/julian/devel/artvertiser/garfeild/viewsets/image_classification_forest.h" alt="" coords="1341,528,1803,555">
<area shape="rect" href="$image__classification__tree_8h.html" title="/home/julian/devel/artvertiser/garfeild/viewsets/image_classification_tree.h" alt="" coords="841,453,1292,480">
<area shape="rect" href="$image__classifier_8cpp.html" title="/home/julian/devel/artvertiser/garfeild/viewsets/image_classifier.cpp" alt="" coords="1449,453,1860,480">
<area shape="rect" href="$image__classification__tree_8cpp.html" title="/home/julian/devel/artvertiser/garfeild/viewsets/image_classification_tree.cpp" alt="" coords="745,528,1209,555">
