<area shape="rect" href="$general_8h.html" title="general/general.h" alt="" coords="5,80,125,107">
<area shape="rect" href="$linear__algebra_8h.html" title="math/linear_algebra.h" alt="" coords="149,80,293,107">
<area shape="rect" href="$linear__systems_8h.html" title="math/linear_systems.h" alt="" coords="1259,80,1411,107">
<area shape="rect" href="$mcvm_8h.html" title="math/mcvm.h" alt="" coords="469,80,571,107">
<area shape="rect" href="$robust__estimators_8h.html" title="math/robust_estimators.h" alt="" coords="1435,80,1603,107">
<area shape="rect" href="$affinity_8h.html" title="geometry/affinity.h" alt="" coords="317,80,445,107">
<area shape="rect" href="$homography_8h.html" title="geometry/homography.h" alt="" coords="595,80,755,107">
<area shape="rect" href="$projection__matrix_8h.html" title="geometry/projection_matrix.h" alt="" coords="779,80,968,107">
<area shape="rect" href="$mcv_8h.html" title="image/mcv.h" alt="" coords="992,80,1088,107">
<area shape="rect" href="$pyrimage_8h.html" title="image/pyrimage.h" alt="" coords="1112,80,1235,107">
<area shape="rect" href="$ls__minimizer2_8h.html" title="optimization/ls_minimizer2.h" alt="" coords="1627,80,1813,107">
<area shape="rect" href="$ls__step__solver_8h.html" title="ls_step_solver.h" alt="" coords="1643,155,1757,181">
