<area shape="rect" href="$classplanar__object__recognizer.html" title="Planar object detector." alt="" coords="1000,439,1165,465">
<area shape="rect" href="$classimage__class__example.html" title="A representant of an image class." alt="" coords="653,301,803,328">
<area shape="rect" href="$classkeypoint.html" title="A 2D feature point as detected by a point detector (yape for example)." alt="" coords="259,65,328,92">
<area shape="rect" href="$classimage__object__point__match.html" title="image_object_point_match" alt="" coords="640,149,816,176">
<area shape="rect" href="$classobject__view.html" title="object_view" alt="" coords="249,395,337,421">
<area shape="rect" href="$classaffine__image__generator.html" title="An affine image generator." alt="" coords="651,385,805,412">
<area shape="rect" href="$classPyrImage.html" title="Multi&#45;resolution pyramidal image." alt="" coords="20,493,97,520">
<area shape="rect" href="$classpyr__yape.html" title="Pyramidal YAPE (Feature point extractor)." alt="" coords="691,500,765,527">
<area shape="rect" href="$classexample__generator.html" title="Generates random representants of image classes." alt="" coords="228,445,359,472">
<area shape="rect" href="$classkeypoint__orientation__corrector.html" title="Normalize local patches against rotation." alt="" coords="196,344,391,371">
<area shape="rect" href="$classobject__keypoint.html" title="object_keypoint" alt="" coords="237,203,349,229">
<area shape="rect" href="$classyape.html" title="YAPE feature point detector." alt="" coords="269,576,317,603">
<area shape="rect" href="$structyape_1_1dir__table.html" title="yape::dir_table" alt="" coords="5,576,112,603">
<area shape="rect" href="$classimage__classification__forest.html" title="Set of classifier trees." alt="" coords="639,551,817,577">
<area shape="rect" href="$classimage__classifier.html" title="Image classifier." alt="" coords="236,627,351,653">
<area shape="rect" href="$classls__minimizer2.html" title="ls_minimizer2" alt="" coords="677,601,779,628">
<area shape="rect" href="$classls__step__solver.html" title="ls_step_solver" alt="" coords="241,677,345,704">
<area shape="rect" href="$classhomography.html" title="Static class for the estimation of homographies.Provides functions to estimate the..." alt="" coords="683,652,773,679">
<area shape="rect" href="$classaffinity.html" title="affinity" alt="" coords="699,703,757,729">
<area shape="rect" href="$classLightCollector.html" title="LightCollector" alt="" coords="1033,489,1132,516">
