<area shape="rect" href="$starter_8h.html" title="starter.h" alt="" coords="849,80,916,107">
<area shape="rect" href="$keypoint_8h.html" title="keypoint.h" alt="" coords="5,80,85,107">
<area shape="rect" href="$general_8h.html" title="general/general.h" alt="" coords="1656,155,1776,181">
<area shape="rect" href="$linear__algebra_8h.html" title="math/linear_algebra.h" alt="" coords="1064,155,1208,181">
<area shape="rect" href="$linear__systems_8h.html" title="math/linear_systems.h" alt="" coords="579,155,731,181">
<area shape="rect" href="$mcvm_8h.html" title="math/mcvm.h" alt="" coords="755,155,856,181">
<area shape="rect" href="$robust__estimators_8h.html" title="math/robust_estimators.h" alt="" coords="1800,155,1968,181">
<area shape="rect" href="$affinity_8h.html" title="geometry/affinity.h" alt="" coords="427,155,555,181">
<area shape="rect" href="$homography_8h.html" title="geometry/homography.h" alt="" coords="880,155,1040,181">
<area shape="rect" href="$projection__matrix_8h.html" title="geometry/projection_matrix.h" alt="" coords="1232,155,1421,181">
<area shape="rect" href="$mcv_8h.html" title="image/mcv.h" alt="" coords="160,155,256,181">
<area shape="rect" href="$pyrimage_8h.html" title="image/pyrimage.h" alt="" coords="280,155,403,181">
<area shape="rect" href="$ls__minimizer2_8h.html" title="optimization/ls_minimizer2.h" alt="" coords="1445,155,1632,181">
<area shape="rect" href="$ls__step__solver_8h.html" title="ls_step_solver.h" alt="" coords="1560,229,1675,256">
