<area shape="rect" href="$starter_8h.html" title="starter.h" alt="" coords="1120,155,1187,181">
<area shape="rect" href="$yape_8h.html" title="yape.h" alt="" coords="1856,80,1915,107">
<area shape="rect" href="$general_8h.html" title="general/general.h" alt="" coords="227,229,347,256">
<area shape="rect" href="$linear__algebra_8h.html" title="math/linear_algebra.h" alt="" coords="765,229,909,256">
<area shape="rect" href="$linear__systems_8h.html" title="math/linear_systems.h" alt="" coords="1456,229,1608,256">
<area shape="rect" href="$mcvm_8h.html" title="math/mcvm.h" alt="" coords="933,229,1035,256">
<area shape="rect" href="$robust__estimators_8h.html" title="math/robust_estimators.h" alt="" coords="421,229,589,256">
<area shape="rect" href="$affinity_8h.html" title="geometry/affinity.h" alt="" coords="613,229,741,256">
<area shape="rect" href="$homography_8h.html" title="geometry/homography.h" alt="" coords="1272,229,1432,256">
<area shape="rect" href="$projection__matrix_8h.html" title="geometry/projection_matrix.h" alt="" coords="1059,229,1248,256">
<area shape="rect" href="$mcv_8h.html" title="image/mcv.h" alt="" coords="1779,229,1875,256">
<area shape="rect" href="$pyrimage_8h.html" title="image/pyrimage.h" alt="" coords="1632,229,1755,256">
<area shape="rect" href="$ls__minimizer2_8h.html" title="optimization/ls_minimizer2.h" alt="" coords="2000,229,2187,256">
<area shape="rect" href="$ls__step__solver_8h.html" title="ls_step_solver.h" alt="" coords="2057,304,2172,331">
<area shape="rect" href="$keypoint_8h.html" title="keypoint.h" alt="" coords="1845,155,1925,181">
